// Jest Snapshot v1, https://goo.gl/fbAQLP

exports[`Logo layout complete Render correct 1`] = `
<div
  className="siteLogo"
>
  netflixroulete
</div>
`;
