exports['renders correctly Logo'] = `
<div class="siteLogo">
Logo
</div>
`;