// Jest Snapshot v1, https://goo.gl/fbAQLP

exports[`EmptyResult layout complete ResultsBody Render correct EmptyResult 1`] = `
<div
  className="empty-result"
>
  No films found
</div>
`;
